Export OpenAPI Schema	Set up job	ï»¿2025-11-13T03:42:52.9856698Z Current runner version: '2.329.0'
Export OpenAPI Schema	Set up job	2025-11-13T03:42:52.9882479Z ##[group]Runner Image Provisioner
Export OpenAPI Schema	Set up job	2025-11-13T03:42:52.9883316Z Hosted Compute Agent
Export OpenAPI Schema	Set up job	2025-11-13T03:42:52.9883939Z Version: 20251016.436
Export OpenAPI Schema	Set up job	2025-11-13T03:42:52.9884860Z Commit: 8ab8ac8bfd662a3739dab9fe09456aba92132568
Export OpenAPI Schema	Set up job	2025-11-13T03:42:52.9885562Z Build Date: 2025-10-15T20:44:12Z
Export OpenAPI Schema	Set up job	2025-11-13T03:42:52.9886230Z ##[endgroup]
Export OpenAPI Schema	Set up job	2025-11-13T03:42:52.9886779Z ##[group]Operating System
Export OpenAPI Schema	Set up job	2025-11-13T03:42:52.9887358Z Ubuntu
Export OpenAPI Schema	Set up job	2025-11-13T03:42:52.9887913Z 24.04.3
Export OpenAPI Schema	Set up job	2025-11-13T03:42:52.9888365Z LTS
Export OpenAPI Schema	Set up job	2025-11-13T03:42:52.9888829Z ##[endgroup]
Export OpenAPI Schema	Set up job	2025-11-13T03:42:52.9889326Z ##[group]Runner Image
Export OpenAPI Schema	Set up job	2025-11-13T03:42:52.9889928Z Image: ubuntu-24.04
Export OpenAPI Schema	Set up job	2025-11-13T03:42:52.9890411Z Version: 20251102.99.1
Export OpenAPI Schema	Set up job	2025-11-13T03:42:52.9891465Z Included Software: https://github.com/actions/runner-images/blob/ubuntu24/20251102.99/images/ubuntu/Ubuntu2404-Readme.md
Export OpenAPI Schema	Set up job	2025-11-13T03:42:52.9892840Z Image Release: https://github.com/actions/runner-images/releases/tag/ubuntu24%2F20251102.99
Export OpenAPI Schema	Set up job	2025-11-13T03:42:52.9894048Z ##[endgroup]
Export OpenAPI Schema	Set up job	2025-11-13T03:42:52.9895417Z ##[group]GITHUB_TOKEN Permissions
Export OpenAPI Schema	Set up job	2025-11-13T03:42:52.9897633Z Contents: read
Export OpenAPI Schema	Set up job	2025-11-13T03:42:52.9898234Z Metadata: read
Export OpenAPI Schema	Set up job	2025-11-13T03:42:52.9898718Z Packages: read
Export OpenAPI Schema	Set up job	2025-11-13T03:42:52.9899308Z ##[endgroup]
Export OpenAPI Schema	Set up job	2025-11-13T03:42:52.9901706Z Secret source: Actions
Export OpenAPI Schema	Set up job	2025-11-13T03:42:52.9902626Z Prepare workflow directory
Export OpenAPI Schema	Set up job	2025-11-13T03:42:53.0223500Z Prepare all required actions
Export OpenAPI Schema	Set up job	2025-11-13T03:42:53.0260858Z Getting action download info
Export OpenAPI Schema	Set up job	2025-11-13T03:42:53.3613988Z Download action repository 'actions/checkout@v4' (SHA:08eba0b27e820071cde6df949e0beb9ba4906955)
Export OpenAPI Schema	Set up job	2025-11-13T03:42:53.4887128Z Download action repository 'actions/setup-python@v5' (SHA:a26af69be951a213d495a4c3e4e4022e16d87065)
Export OpenAPI Schema	Set up job	2025-11-13T03:42:53.5716640Z Download action repository 'actions/upload-artifact@v4' (SHA:ea165f8d65b6e75b540449e92b4886f43607fa02)
Export OpenAPI Schema	Set up job	2025-11-13T03:42:53.6928714Z Download action repository 'actions/github-script@v7' (SHA:f28e40c7f34bde8b3046d885e986cb6290c5673b)
Export OpenAPI Schema	Set up job	2025-11-13T03:42:54.0234554Z Complete job name: Export OpenAPI Schema
Export OpenAPI Schema	Checkout code	ï»¿2025-11-13T03:42:54.0919755Z ##[group]Run actions/checkout@v4
Export OpenAPI Schema	Checkout code	2025-11-13T03:42:54.0920616Z with:
Export OpenAPI Schema	Checkout code	2025-11-13T03:42:54.0921016Z   repository: 88simon/gun_del_sol
Export OpenAPI Schema	Checkout code	2025-11-13T03:42:54.0921667Z   token: ***
Export OpenAPI Schema	Checkout code	2025-11-13T03:42:54.0922042Z   ssh-strict: true
Export OpenAPI Schema	Checkout code	2025-11-13T03:42:54.0922439Z   ssh-user: git
Export OpenAPI Schema	Checkout code	2025-11-13T03:42:54.0922832Z   persist-credentials: true
Export OpenAPI Schema	Checkout code	2025-11-13T03:42:54.0923287Z   clean: true
Export OpenAPI Schema	Checkout code	2025-11-13T03:42:54.0923688Z   sparse-checkout-cone-mode: true
Export OpenAPI Schema	Checkout code	2025-11-13T03:42:54.0924181Z   fetch-depth: 1
Export OpenAPI Schema	Checkout code	2025-11-13T03:42:54.0924739Z   fetch-tags: false
Export OpenAPI Schema	Checkout code	2025-11-13T03:42:54.0925137Z   show-progress: true
Export OpenAPI Schema	Checkout code	2025-11-13T03:42:54.0925587Z   lfs: false
Export OpenAPI Schema	Checkout code	2025-11-13T03:42:54.0925945Z   submodules: false
Export OpenAPI Schema	Checkout code	2025-11-13T03:42:54.0926346Z   set-safe-directory: true
Export OpenAPI Schema	Checkout code	2025-11-13T03:42:54.0927032Z ##[endgroup]
Export OpenAPI Schema	Checkout code	2025-11-13T03:42:54.1988879Z Syncing repository: 88simon/gun_del_sol
Export OpenAPI Schema	Checkout code	2025-11-13T03:42:54.1990695Z ##[group]Getting Git version info
Export OpenAPI Schema	Checkout code	2025-11-13T03:42:54.1991415Z Working directory is '/home/runner/work/gun_del_sol/gun_del_sol'
Export OpenAPI Schema	Checkout code	2025-11-13T03:42:54.1992412Z [command]/usr/bin/git version
Export OpenAPI Schema	Checkout code	2025-11-13T03:42:54.2084132Z git version 2.51.2
Export OpenAPI Schema	Checkout code	2025-11-13T03:42:54.2110845Z ##[endgroup]
Export OpenAPI Schema	Checkout code	2025-11-13T03:42:54.2125326Z Temporarily overriding HOME='/home/runner/work/_temp/d329db62-2d30-4e14-bb97-4dae8887631a' before making global git config changes
Export OpenAPI Schema	Checkout code	2025-11-13T03:42:54.2127456Z Adding repository directory to the temporary git global config as a safe directory
Export OpenAPI Schema	Checkout code	2025-11-13T03:42:54.2130482Z [command]/usr/bin/git config --global --add safe.directory /home/runner/work/gun_del_sol/gun_del_sol
Export OpenAPI Schema	Checkout code	2025-11-13T03:42:54.2168382Z Deleting the contents of '/home/runner/work/gun_del_sol/gun_del_sol'
Export OpenAPI Schema	Checkout code	2025-11-13T03:42:54.2172067Z ##[group]Initializing the repository
Export OpenAPI Schema	Checkout code	2025-11-13T03:42:54.2176146Z [command]/usr/bin/git init /home/runner/work/gun_del_sol/gun_del_sol
Export OpenAPI Schema	Checkout code	2025-11-13T03:42:54.2309301Z hint: Using 'master' as the name for the initial branch. This default branch name
Export OpenAPI Schema	Checkout code	2025-11-13T03:42:54.2310517Z hint: is subject to change. To configure the initial branch name to use in all
Export OpenAPI Schema	Checkout code	2025-11-13T03:42:54.2311787Z hint: of your new repositories, which will suppress this warning, call:
Export OpenAPI Schema	Checkout code	2025-11-13T03:42:54.2312525Z hint:
Export OpenAPI Schema	Checkout code	2025-11-13T03:42:54.2313040Z hint: 	git config --global init.defaultBranch <name>
Export OpenAPI Schema	Checkout code	2025-11-13T03:42:54.2314379Z hint:
Export OpenAPI Schema	Checkout code	2025-11-13T03:42:54.2315396Z hint: Names commonly chosen instead of 'master' are 'main', 'trunk' and
Export OpenAPI Schema	Checkout code	2025-11-13T03:42:54.2317079Z hint: 'development'. The just-created branch can be renamed via this command:
Export OpenAPI Schema	Checkout code	2025-11-13T03:42:54.2317919Z hint:
Export OpenAPI Schema	Checkout code	2025-11-13T03:42:54.2318344Z hint: 	git branch -m <name>
Export OpenAPI Schema	Checkout code	2025-11-13T03:42:54.2318858Z hint:
Export OpenAPI Schema	Checkout code	2025-11-13T03:42:54.2319771Z hint: Disable this message with "git config set advice.defaultBranchName false"
Export OpenAPI Schema	Checkout code	2025-11-13T03:42:54.2321017Z Initialized empty Git repository in /home/runner/work/gun_del_sol/gun_del_sol/.git/
Export OpenAPI Schema	Checkout code	2025-11-13T03:42:54.2325717Z [command]/usr/bin/git remote add origin https://github.com/88simon/gun_del_sol
Export OpenAPI Schema	Checkout code	2025-11-13T03:42:54.2360941Z ##[endgroup]
Export OpenAPI Schema	Checkout code	2025-11-13T03:42:54.2361706Z ##[group]Disabling automatic garbage collection
Export OpenAPI Schema	Checkout code	2025-11-13T03:42:54.2364938Z [command]/usr/bin/git config --local gc.auto 0
Export OpenAPI Schema	Checkout code	2025-11-13T03:42:54.2392835Z ##[endgroup]
Export OpenAPI Schema	Checkout code	2025-11-13T03:42:54.2393510Z ##[group]Setting up auth
Export OpenAPI Schema	Checkout code	2025-11-13T03:42:54.2399637Z [command]/usr/bin/git config --local --name-only --get-regexp core\.sshCommand
Export OpenAPI Schema	Checkout code	2025-11-13T03:42:54.2429219Z [command]/usr/bin/git submodule foreach --recursive sh -c "git config --local --name-only --get-regexp 'core\.sshCommand' && git config --local --unset-all 'core.sshCommand' || :"
Export OpenAPI Schema	Checkout code	2025-11-13T03:42:54.2789049Z [command]/usr/bin/git config --local --name-only --get-regexp http\.https\:\/\/github\.com\/\.extraheader
Export OpenAPI Schema	Checkout code	2025-11-13T03:42:54.2819685Z [command]/usr/bin/git submodule foreach --recursive sh -c "git config --local --name-only --get-regexp 'http\.https\:\/\/github\.com\/\.extraheader' && git config --local --unset-all 'http.https://github.com/.extraheader' || :"
Export OpenAPI Schema	Checkout code	2025-11-13T03:42:54.3039625Z [command]/usr/bin/git config --local http.https://github.com/.extraheader AUTHORIZATION: basic ***
Export OpenAPI Schema	Checkout code	2025-11-13T03:42:54.3074991Z ##[endgroup]
Export OpenAPI Schema	Checkout code	2025-11-13T03:42:54.3076250Z ##[group]Fetching the repository
Export OpenAPI Schema	Checkout code	2025-11-13T03:42:54.3085055Z [command]/usr/bin/git -c protocol.version=2 fetch --no-tags --prune --no-recurse-submodules --depth=1 origin +5683b61d7c094d6eb278589acb9b52587127949a:refs/remotes/pull/2/merge
Export OpenAPI Schema	Checkout code	2025-11-13T03:42:54.5538325Z From https://github.com/88simon/gun_del_sol
Export OpenAPI Schema	Checkout code	2025-11-13T03:42:54.5539777Z  * [new ref]         5683b61d7c094d6eb278589acb9b52587127949a -> pull/2/merge
Export OpenAPI Schema	Checkout code	2025-11-13T03:42:54.5572340Z ##[endgroup]
Export OpenAPI Schema	Checkout code	2025-11-13T03:42:54.5573126Z ##[group]Determining the checkout info
Export OpenAPI Schema	Checkout code	2025-11-13T03:42:54.5574959Z ##[endgroup]
Export OpenAPI Schema	Checkout code	2025-11-13T03:42:54.5580734Z [command]/usr/bin/git sparse-checkout disable
Export OpenAPI Schema	Checkout code	2025-11-13T03:42:54.5623965Z [command]/usr/bin/git config --local --unset-all extensions.worktreeConfig
Export OpenAPI Schema	Checkout code	2025-11-13T03:42:54.5653984Z ##[group]Checking out the ref
Export OpenAPI Schema	Checkout code	2025-11-13T03:42:54.5658499Z [command]/usr/bin/git checkout --progress --force refs/remotes/pull/2/merge
Export OpenAPI Schema	Checkout code	2025-11-13T03:42:54.5839702Z Note: switching to 'refs/remotes/pull/2/merge'.
Export OpenAPI Schema	Checkout code	2025-11-13T03:42:54.5840650Z 
Export OpenAPI Schema	Checkout code	2025-11-13T03:42:54.5841164Z You are in 'detached HEAD' state. You can look around, make experimental
Export OpenAPI Schema	Checkout code	2025-11-13T03:42:54.5842291Z changes and commit them, and you can discard any commits you make in this
Export OpenAPI Schema	Checkout code	2025-11-13T03:42:54.5843575Z state without impacting any branches by switching back to a branch.
Export OpenAPI Schema	Checkout code	2025-11-13T03:42:54.5844993Z 
Export OpenAPI Schema	Checkout code	2025-11-13T03:42:54.5845846Z If you want to create a new branch to retain commits you create, you may
Export OpenAPI Schema	Checkout code	2025-11-13T03:42:54.5847616Z do so (now or later) by using -c with the switch command. Example:
Export OpenAPI Schema	Checkout code	2025-11-13T03:42:54.5848634Z 
Export OpenAPI Schema	Checkout code	2025-11-13T03:42:54.5849087Z   git switch -c <new-branch-name>
Export OpenAPI Schema	Checkout code	2025-11-13T03:42:54.5849970Z 
Export OpenAPI Schema	Checkout code	2025-11-13T03:42:54.5850397Z Or undo this operation with:
Export OpenAPI Schema	Checkout code	2025-11-13T03:42:54.5850972Z 
Export OpenAPI Schema	Checkout code	2025-11-13T03:42:54.5851295Z   git switch -
Export OpenAPI Schema	Checkout code	2025-11-13T03:42:54.5851741Z 
Export OpenAPI Schema	Checkout code	2025-11-13T03:42:54.5852428Z Turn off this advice by setting config variable advice.detachedHead to false
Export OpenAPI Schema	Checkout code	2025-11-13T03:42:54.5854042Z 
Export OpenAPI Schema	Checkout code	2025-11-13T03:42:54.5855492Z HEAD is now at 5683b61 Merge 2c97174f54444e63a0dd2a028a40265804eef0d6 into 0432ab744e83eb90ee124e3bfca022a87aaf2a4c
Export OpenAPI Schema	Checkout code	2025-11-13T03:42:54.5858933Z ##[endgroup]
Export OpenAPI Schema	Checkout code	2025-11-13T03:42:54.5887988Z [command]/usr/bin/git log -1 --format=%H
Export OpenAPI Schema	Checkout code	2025-11-13T03:42:54.5910576Z 5683b61d7c094d6eb278589acb9b52587127949a
Export OpenAPI Schema	Set up Python	ï»¿2025-11-13T03:42:54.6162529Z ##[group]Run actions/setup-python@v5
Export OpenAPI Schema	Set up Python	2025-11-13T03:42:54.6163153Z with:
Export OpenAPI Schema	Set up Python	2025-11-13T03:42:54.6163545Z   python-version: 3.11
Export OpenAPI Schema	Set up Python	2025-11-13T03:42:54.6163982Z   cache: pip
Export OpenAPI Schema	Set up Python	2025-11-13T03:42:54.6164630Z   cache-dependency-path: backend/requirements-dev.txt
Export OpenAPI Schema	Set up Python	2025-11-13T03:42:54.6165250Z   check-latest: false
Export OpenAPI Schema	Set up Python	2025-11-13T03:42:54.6165848Z   token: ***
Export OpenAPI Schema	Set up Python	2025-11-13T03:42:54.6166278Z   update-environment: true
Export OpenAPI Schema	Set up Python	2025-11-13T03:42:54.6166767Z   allow-prereleases: false
Export OpenAPI Schema	Set up Python	2025-11-13T03:42:54.6167229Z   freethreaded: false
Export OpenAPI Schema	Set up Python	2025-11-13T03:42:54.6167650Z ##[endgroup]
Export OpenAPI Schema	Set up Python	2025-11-13T03:42:54.7863892Z ##[group]Installed versions
Export OpenAPI Schema	Set up Python	2025-11-13T03:42:54.7978278Z Successfully set up CPython (3.11.14)
Export OpenAPI Schema	Set up Python	2025-11-13T03:42:54.7980045Z ##[endgroup]
Export OpenAPI Schema	Set up Python	2025-11-13T03:42:54.8274135Z [command]/opt/hostedtoolcache/Python/3.11.14/x64/bin/pip cache dir
Export OpenAPI Schema	Set up Python	2025-11-13T03:42:55.1858630Z /home/runner/.cache/pip
Export OpenAPI Schema	Set up Python	2025-11-13T03:42:55.2987086Z Cache hit for: setup-python-Linux-x64-24.04-Ubuntu-python-3.11.14-pip-f569c6d9e88ca7a475cf12296c8d7112ba3ea792e075f1d9d1313811cc8a09df
Export OpenAPI Schema	Set up Python	2025-11-13T03:42:55.5563965Z Received 32917735 of 32917735 (100.0%), 138.3 MBs/sec
Export OpenAPI Schema	Set up Python	2025-11-13T03:42:55.5567031Z Cache Size: ~31 MB (32917735 B)
Export OpenAPI Schema	Set up Python	2025-11-13T03:42:55.5594545Z [command]/usr/bin/tar -xf /home/runner/work/_temp/1ff8f56a-4a69-4b7e-8258-bdd340f317eb/cache.tzst -P -C /home/runner/work/gun_del_sol/gun_del_sol --use-compress-program unzstd
Export OpenAPI Schema	Set up Python	2025-11-13T03:42:55.6374175Z Cache restored successfully
Export OpenAPI Schema	Set up Python	2025-11-13T03:42:55.6447560Z Cache restored from key: setup-python-Linux-x64-24.04-Ubuntu-python-3.11.14-pip-f569c6d9e88ca7a475cf12296c8d7112ba3ea792e075f1d9d1313811cc8a09df
Export OpenAPI Schema	Install dependencies	ï»¿2025-11-13T03:42:55.6663624Z ##[group]Run python -m pip install --upgrade pip
Export OpenAPI Schema	Install dependencies	2025-11-13T03:42:55.6665396Z [36;1mpython -m pip install --upgrade pip[0m
Export OpenAPI Schema	Install dependencies	2025-11-13T03:42:55.6666808Z [36;1mpip install -r requirements-dev.txt[0m
Export OpenAPI Schema	Install dependencies	2025-11-13T03:42:55.6708868Z shell: /usr/bin/bash -e {0}
Export OpenAPI Schema	Install dependencies	2025-11-13T03:42:55.6709954Z env:
Export OpenAPI Schema	Install dependencies	2025-11-13T03:42:55.6711037Z   pythonLocation: /opt/hostedtoolcache/Python/3.11.14/x64
Export OpenAPI Schema	Install dependencies	2025-11-13T03:42:55.6712936Z   PKG_CONFIG_PATH: /opt/hostedtoolcache/Python/3.11.14/x64/lib/pkgconfig
Export OpenAPI Schema	Install dependencies	2025-11-13T03:42:55.6714979Z   Python_ROOT_DIR: /opt/hostedtoolcache/Python/3.11.14/x64
Export OpenAPI Schema	Install dependencies	2025-11-13T03:42:55.6716654Z   Python2_ROOT_DIR: /opt/hostedtoolcache/Python/3.11.14/x64
Export OpenAPI Schema	Install dependencies	2025-11-13T03:42:55.6718350Z   Python3_ROOT_DIR: /opt/hostedtoolcache/Python/3.11.14/x64
Export OpenAPI Schema	Install dependencies	2025-11-13T03:42:55.6720057Z   LD_LIBRARY_PATH: /opt/hostedtoolcache/Python/3.11.14/x64/lib
Export OpenAPI Schema	Install dependencies	2025-11-13T03:42:55.6721468Z ##[endgroup]
Export OpenAPI Schema	Install dependencies	2025-11-13T03:42:56.2602103Z Requirement already satisfied: pip in /opt/hostedtoolcache/Python/3.11.14/x64/lib/python3.11/site-packages (25.3)
Export OpenAPI Schema	Install dependencies	2025-11-13T03:42:56.8463943Z Collecting requests>=2.31.0 (from -r /home/runner/work/gun_del_sol/gun_del_sol/backend/requirements.txt (line 2))
Export OpenAPI Schema	Install dependencies	2025-11-13T03:42:56.8480040Z   Using cached requests-2.32.5-py3-none-any.whl.metadata (4.9 kB)
Export OpenAPI Schema	Install dependencies	2025-11-13T03:42:56.8769159Z Collecting solana>=0.30.0 (from -r /home/runner/work/gun_del_sol/gun_del_sol/backend/requirements.txt (line 3))
Export OpenAPI Schema	Install dependencies	2025-11-13T03:42:56.8783410Z   Using cached solana-0.36.9-py3-none-any.whl.metadata (5.3 kB)
Export OpenAPI Schema	Install dependencies	2025-11-13T03:42:56.8922496Z Collecting base58>=2.1.1 (from -r /home/runner/work/gun_del_sol/gun_del_sol/backend/requirements.txt (line 4))
Export OpenAPI Schema	Install dependencies	2025-11-13T03:42:56.8939920Z   Using cached base58-2.1.1-py3-none-any.whl.metadata (3.1 kB)
Export OpenAPI Schema	Install dependencies	2025-11-13T03:42:56.9521511Z Collecting fastapi>=0.100.0 (from -r /home/runner/work/gun_del_sol/gun_del_sol/backend/requirements.txt (line 5))
Export OpenAPI Schema	Install dependencies	2025-11-13T03:42:56.9536567Z   Using cached fastapi-0.121.1-py3-none-any.whl.metadata (28 kB)
Export OpenAPI Schema	Install dependencies	2025-11-13T03:42:56.9925822Z Collecting uvicorn>=0.23.0 (from uvicorn[standard]>=0.23.0->-r /home/runner/work/gun_del_sol/gun_del_sol/backend/requirements.txt (line 6))
Export OpenAPI Schema	Install dependencies	2025-11-13T03:42:56.9941098Z   Using cached uvicorn-0.38.0-py3-none-any.whl.metadata (6.8 kB)
Export OpenAPI Schema	Install dependencies	2025-11-13T03:42:57.0108344Z Collecting aiosqlite>=0.19.0 (from -r /home/runner/work/gun_del_sol/gun_del_sol/backend/requirements.txt (line 7))
Export OpenAPI Schema	Install dependencies	2025-11-13T03:42:57.0121741Z   Using cached aiosqlite-0.21.0-py3-none-any.whl.metadata (4.3 kB)
Export OpenAPI Schema	Install dependencies	2025-11-13T03:42:57.0346392Z Collecting httpx>=0.24.0 (from -r /home/runner/work/gun_del_sol/gun_del_sol/backend/requirements.txt (line 8))
Export OpenAPI Schema	Install dependencies	2025-11-13T03:42:57.0359062Z   Using cached httpx-0.28.1-py3-none-any.whl.metadata (7.1 kB)
Export OpenAPI Schema	Install dependencies	2025-11-13T03:42:57.2810336Z Collecting orjson>=3.9.0 (from -r /home/runner/work/gun_del_sol/gun_del_sol/backend/requirements.txt (line 9))
Export OpenAPI Schema	Install dependencies	2025-11-13T03:42:57.2825664Z   Using cached orjson-3.11.4-cp311-cp311-manylinux_2_17_x86_64.manylinux2014_x86_64.whl.metadata (41 kB)
Export OpenAPI Schema	Install dependencies	2025-11-13T03:42:57.2987766Z Collecting aiofiles>=23.0.0 (from -r /home/runner/work/gun_del_sol/gun_del_sol/backend/requirements.txt (line 10))
Export OpenAPI Schema	Install dependencies	2025-11-13T03:42:57.3001828Z   Using cached aiofiles-25.1.0-py3-none-any.whl.metadata (6.3 kB)
Export OpenAPI Schema	Install dependencies	2025-11-13T03:42:57.3464393Z Collecting pytest>=7.4.0 (from -r requirements-dev.txt (line 5))
Export OpenAPI Schema	Install dependencies	2025-11-13T03:42:57.4151005Z   Downloading pytest-9.0.1-py3-none-any.whl.metadata (7.6 kB)
Export OpenAPI Schema	Install dependencies	2025-11-13T03:42:57.4435063Z Collecting pytest-asyncio>=0.21.0 (from -r requirements-dev.txt (line 6))
Export OpenAPI Schema	Install dependencies	2025-11-13T03:42:57.4449230Z   Using cached pytest_asyncio-1.3.0-py3-none-any.whl.metadata (4.1 kB)
Export OpenAPI Schema	Install dependencies	2025-11-13T03:42:57.4626352Z Collecting pytest-cov>=4.1.0 (from -r requirements-dev.txt (line 7))
Export OpenAPI Schema	Install dependencies	2025-11-13T03:42:57.4639270Z   Using cached pytest_cov-7.0.0-py3-none-any.whl.metadata (31 kB)
Export OpenAPI Schema	Install dependencies	2025-11-13T03:42:57.5134846Z Collecting black>=23.0.0 (from -r requirements-dev.txt (line 10))
Export OpenAPI Schema	Install dependencies	2025-11-13T03:42:57.5149367Z   Using cached black-25.11.0-cp311-cp311-manylinux2014_x86_64.manylinux_2_17_x86_64.manylinux_2_28_x86_64.whl.metadata (85 kB)
Export OpenAPI Schema	Install dependencies	2025-11-13T03:42:57.5429256Z Collecting flake8>=6.0.0 (from -r requirements-dev.txt (line 11))
Export OpenAPI Schema	Install dependencies	2025-11-13T03:42:57.5442843Z   Using cached flake8-7.3.0-py2.py3-none-any.whl.metadata (3.8 kB)
Export OpenAPI Schema	Install dependencies	2025-11-13T03:42:57.5741872Z Collecting isort>=5.12.0 (from -r requirements-dev.txt (line 12))
Export OpenAPI Schema	Install dependencies	2025-11-13T03:42:57.5755037Z   Using cached isort-7.0.0-py3-none-any.whl.metadata (11 kB)
Export OpenAPI Schema	Install dependencies	2025-11-13T03:42:57.6757833Z Collecting charset_normalizer<4,>=2 (from requests>=2.31.0->-r /home/runner/work/gun_del_sol/gun_del_sol/backend/requirements.txt (line 2))
Export OpenAPI Schema	Install dependencies	2025-11-13T03:42:57.6772574Z   Using cached charset_normalizer-3.4.4-cp311-cp311-manylinux2014_x86_64.manylinux_2_17_x86_64.manylinux_2_28_x86_64.whl.metadata (37 kB)
Export OpenAPI Schema	Install dependencies	2025-11-13T03:42:57.6954778Z Collecting idna<4,>=2.5 (from requests>=2.31.0->-r /home/runner/work/gun_del_sol/gun_del_sol/backend/requirements.txt (line 2))
Export OpenAPI Schema	Install dependencies	2025-11-13T03:42:57.6967528Z   Using cached idna-3.11-py3-none-any.whl.metadata (8.4 kB)
Export OpenAPI Schema	Install dependencies	2025-11-13T03:42:57.7322438Z Collecting urllib3<3,>=1.21.1 (from requests>=2.31.0->-r /home/runner/work/gun_del_sol/gun_del_sol/backend/requirements.txt (line 2))
Export OpenAPI Schema	Install dependencies	2025-11-13T03:42:57.7340410Z   Using cached urllib3-2.5.0-py3-none-any.whl.metadata (6.5 kB)
Export OpenAPI Schema	Install dependencies	2025-11-13T03:42:57.7645389Z Collecting certifi>=2017.4.17 (from requests>=2.31.0->-r /home/runner/work/gun_del_sol/gun_del_sol/backend/requirements.txt (line 2))
Export OpenAPI Schema	Install dependencies	2025-11-13T03:42:57.7726456Z   Downloading certifi-2025.11.12-py3-none-any.whl.metadata (2.5 kB)
Export OpenAPI Schema	Install dependencies	2025-11-13T03:42:57.7924816Z Collecting construct-typing<0.7.0,>=0.6.2 (from solana>=0.30.0->-r /home/runner/work/gun_del_sol/gun_del_sol/backend/requirements.txt (line 3))
Export OpenAPI Schema	Install dependencies	2025-11-13T03:42:57.7937816Z   Using cached construct_typing-0.6.2-py3-none-any.whl.metadata (7.1 kB)
Export OpenAPI Schema	Install dependencies	2025-11-13T03:42:57.8378592Z Collecting solders<0.27,>=0.23 (from solana>=0.30.0->-r /home/runner/work/gun_del_sol/gun_del_sol/backend/requirements.txt (line 3))
Export OpenAPI Schema	Install dependencies	2025-11-13T03:42:57.8392872Z   Using cached solders-0.26.0-cp37-abi3-manylinux_2_17_x86_64.manylinux2014_x86_64.whl.metadata (3.6 kB)
Export OpenAPI Schema	Install dependencies	2025-11-13T03:42:57.8605647Z Collecting typing-extensions>=4.2.0 (from solana>=0.30.0->-r /home/runner/work/gun_del_sol/gun_del_sol/backend/requirements.txt (line 3))
Export OpenAPI Schema	Install dependencies	2025-11-13T03:42:57.8618942Z   Using cached typing_extensions-4.15.0-py3-none-any.whl.metadata (3.3 kB)
Export OpenAPI Schema	Install dependencies	2025-11-13T03:42:57.9472130Z Collecting websockets<=15.0.1,>=9.0 (from solana>=0.30.0->-r /home/runner/work/gun_del_sol/gun_del_sol/backend/requirements.txt (line 3))
Export OpenAPI Schema	Install dependencies	2025-11-13T03:42:57.9486937Z   Using cached websockets-15.0.1-cp311-cp311-manylinux_2_5_x86_64.manylinux1_x86_64.manylinux_2_17_x86_64.manylinux2014_x86_64.whl.metadata (6.8 kB)
Export OpenAPI Schema	Install dependencies	2025-11-13T03:42:57.9655795Z Collecting construct==2.10.68 (from construct-typing<0.7.0,>=0.6.2->solana>=0.30.0->-r /home/runner/work/gun_del_sol/gun_del_sol/backend/requirements.txt (line 3))
Export OpenAPI Schema	Install dependencies	2025-11-13T03:42:57.9657203Z   Using cached construct-2.10.68-py3-none-any.whl
Export OpenAPI Schema	Install dependencies	2025-11-13T03:42:57.9894515Z Collecting jsonalias==0.1.1 (from solders<0.27,>=0.23->solana>=0.30.0->-r /home/runner/work/gun_del_sol/gun_del_sol/backend/requirements.txt (line 3))
Export OpenAPI Schema	Install dependencies	2025-11-13T03:42:57.9908578Z   Using cached jsonalias-0.1.1-py3-none-any.whl.metadata (469 bytes)
Export OpenAPI Schema	Install dependencies	2025-11-13T03:42:58.0248132Z Collecting starlette<0.50.0,>=0.40.0 (from fastapi>=0.100.0->-r /home/runner/work/gun_del_sol/gun_del_sol/backend/requirements.txt (line 5))
Export OpenAPI Schema	Install dependencies	2025-11-13T03:42:58.0261246Z   Using cached starlette-0.49.3-py3-none-any.whl.metadata (6.4 kB)
Export OpenAPI Schema	Install dependencies	2025-11-13T03:42:58.1765295Z Collecting pydantic!=1.8,!=1.8.1,!=2.0.0,!=2.0.1,!=2.1.0,<3.0.0,>=1.7.4 (from fastapi>=0.100.0->-r /home/runner/work/gun_del_sol/gun_del_sol/backend/requirements.txt (line 5))
Export OpenAPI Schema	Install dependencies	2025-11-13T03:42:58.1780783Z   Using cached pydantic-2.12.4-py3-none-any.whl.metadata (89 kB)
Export OpenAPI Schema	Install dependencies	2025-11-13T03:42:58.1972350Z Collecting annotated-doc>=0.0.2 (from fastapi>=0.100.0->-r /home/runner/work/gun_del_sol/gun_del_sol/backend/requirements.txt (line 5))
Export OpenAPI Schema	Install dependencies	2025-11-13T03:42:58.1986136Z   Using cached annotated_doc-0.0.4-py3-none-any.whl.metadata (6.6 kB)
Export OpenAPI Schema	Install dependencies	2025-11-13T03:42:58.2120693Z Collecting annotated-types>=0.6.0 (from pydantic!=1.8,!=1.8.1,!=2.0.0,!=2.0.1,!=2.1.0,<3.0.0,>=1.7.4->fastapi>=0.100.0->-r /home/runner/work/gun_del_sol/gun_del_sol/backend/requirements.txt (line 5))
Export OpenAPI Schema	Install dependencies	2025-11-13T03:42:58.2134041Z   Using cached annotated_types-0.7.0-py3-none-any.whl.metadata (15 kB)
Export OpenAPI Schema	Install dependencies	2025-11-13T03:42:58.8930612Z Collecting pydantic-core==2.41.5 (from pydantic!=1.8,!=1.8.1,!=2.0.0,!=2.0.1,!=2.1.0,<3.0.0,>=1.7.4->fastapi>=0.100.0->-r /home/runner/work/gun_del_sol/gun_del_sol/backend/requirements.txt (line 5))
Export OpenAPI Schema	Install dependencies	2025-11-13T03:42:58.8945741Z   Using cached pydantic_core-2.41.5-cp311-cp311-manylinux_2_17_x86_64.manylinux2014_x86_64.whl.metadata (7.3 kB)
Export OpenAPI Schema	Install dependencies	2025-11-13T03:42:58.9102955Z Collecting typing-inspection>=0.4.2 (from pydantic!=1.8,!=1.8.1,!=2.0.0,!=2.0.1,!=2.1.0,<3.0.0,>=1.7.4->fastapi>=0.100.0->-r /home/runner/work/gun_del_sol/gun_del_sol/backend/requirements.txt (line 5))
Export OpenAPI Schema	Install dependencies	2025-11-13T03:42:58.9116553Z   Using cached typing_inspection-0.4.2-py3-none-any.whl.metadata (2.6 kB)
Export OpenAPI Schema	Install dependencies	2025-11-13T03:42:58.9347600Z Collecting anyio<5,>=3.6.2 (from starlette<0.50.0,>=0.40.0->fastapi>=0.100.0->-r /home/runner/work/gun_del_sol/gun_del_sol/backend/requirements.txt (line 5))
Export OpenAPI Schema	Install dependencies	2025-11-13T03:42:58.9360326Z   Using cached anyio-4.11.0-py3-none-any.whl.metadata (4.1 kB)
Export OpenAPI Schema	Install dependencies	2025-11-13T03:42:58.9559213Z Collecting sniffio>=1.1 (from anyio<5,>=3.6.2->starlette<0.50.0,>=0.40.0->fastapi>=0.100.0->-r /home/runner/work/gun_del_sol/gun_del_sol/backend/requirements.txt (line 5))
Export OpenAPI Schema	Install dependencies	2025-11-13T03:42:58.9571476Z   Using cached sniffio-1.3.1-py3-none-any.whl.metadata (3.9 kB)
Export OpenAPI Schema	Install dependencies	2025-11-13T03:42:58.9800069Z Collecting click>=7.0 (from uvicorn>=0.23.0->uvicorn[standard]>=0.23.0->-r /home/runner/work/gun_del_sol/gun_del_sol/backend/requirements.txt (line 6))
Export OpenAPI Schema	Install dependencies	2025-11-13T03:42:58.9813168Z   Using cached click-8.3.0-py3-none-any.whl.metadata (2.6 kB)
Export OpenAPI Schema	Install dependencies	2025-11-13T03:42:58.9942658Z Collecting h11>=0.8 (from uvicorn>=0.23.0->uvicorn[standard]>=0.23.0->-r /home/runner/work/gun_del_sol/gun_del_sol/backend/requirements.txt (line 6))
Export OpenAPI Schema	Install dependencies	2025-11-13T03:42:58.9956076Z   Using cached h11-0.16.0-py3-none-any.whl.metadata (8.3 kB)
Export OpenAPI Schema	Install dependencies	2025-11-13T03:42:59.0214116Z Collecting httpcore==1.* (from httpx>=0.24.0->-r /home/runner/work/gun_del_sol/gun_del_sol/backend/requirements.txt (line 8))
Export OpenAPI Schema	Install dependencies	2025-11-13T03:42:59.0228016Z   Using cached httpcore-1.0.9-py3-none-any.whl.metadata (21 kB)
Export OpenAPI Schema	Install dependencies	2025-11-13T03:42:59.0412742Z Collecting iniconfig>=1.0.1 (from pytest>=7.4.0->-r requirements-dev.txt (line 5))
Export OpenAPI Schema	Install dependencies	2025-11-13T03:42:59.0428640Z   Using cached iniconfig-2.3.0-py3-none-any.whl.metadata (2.5 kB)
Export OpenAPI Schema	Install dependencies	2025-11-13T03:42:59.0607036Z Collecting packaging>=22 (from pytest>=7.4.0->-r requirements-dev.txt (line 5))
Export OpenAPI Schema	Install dependencies	2025-11-13T03:42:59.0620254Z   Using cached packaging-25.0-py3-none-any.whl.metadata (3.3 kB)
Export OpenAPI Schema	Install dependencies	2025-11-13T03:42:59.0760307Z Collecting pluggy<2,>=1.5 (from pytest>=7.4.0->-r requirements-dev.txt (line 5))
Export OpenAPI Schema	Install dependencies	2025-11-13T03:42:59.0773159Z   Using cached pluggy-1.6.0-py3-none-any.whl.metadata (4.8 kB)
Export OpenAPI Schema	Install dependencies	2025-11-13T03:42:59.0999990Z Collecting pygments>=2.7.2 (from pytest>=7.4.0->-r requirements-dev.txt (line 5))
Export OpenAPI Schema	Install dependencies	2025-11-13T03:42:59.1012606Z   Using cached pygments-2.19.2-py3-none-any.whl.metadata (2.5 kB)
Export OpenAPI Schema	Install dependencies	2025-11-13T03:42:59.4784765Z Collecting coverage>=7.10.6 (from coverage[toml]>=7.10.6->pytest-cov>=4.1.0->-r requirements-dev.txt (line 7))
Export OpenAPI Schema	Install dependencies	2025-11-13T03:42:59.4800502Z   Using cached coverage-7.11.3-cp311-cp311-manylinux1_x86_64.manylinux_2_28_x86_64.manylinux_2_5_x86_64.whl.metadata (9.1 kB)
Export OpenAPI Schema	Install dependencies	2025-11-13T03:42:59.5101949Z Collecting mypy-extensions>=0.4.3 (from black>=23.0.0->-r requirements-dev.txt (line 10))
Export OpenAPI Schema	Install dependencies	2025-11-13T03:42:59.5115106Z   Using cached mypy_extensions-1.1.0-py3-none-any.whl.metadata (1.1 kB)
Export OpenAPI Schema	Install dependencies	2025-11-13T03:42:59.5255298Z Collecting pathspec>=0.9.0 (from black>=23.0.0->-r requirements-dev.txt (line 10))
Export OpenAPI Schema	Install dependencies	2025-11-13T03:42:59.5268135Z   Using cached pathspec-0.12.1-py3-none-any.whl.metadata (21 kB)
Export OpenAPI Schema	Install dependencies	2025-11-13T03:42:59.5480162Z Collecting platformdirs>=2 (from black>=23.0.0->-r requirements-dev.txt (line 10))
Export OpenAPI Schema	Install dependencies	2025-11-13T03:42:59.5492996Z   Using cached platformdirs-4.5.0-py3-none-any.whl.metadata (12 kB)
Export OpenAPI Schema	Install dependencies	2025-11-13T03:42:59.5636131Z Collecting pytokens>=0.3.0 (from black>=23.0.0->-r requirements-dev.txt (line 10))
Export OpenAPI Schema	Install dependencies	2025-11-13T03:42:59.5649007Z   Using cached pytokens-0.3.0-py3-none-any.whl.metadata (2.0 kB)
Export OpenAPI Schema	Install dependencies	2025-11-13T03:42:59.5788627Z Collecting mccabe<0.8.0,>=0.7.0 (from flake8>=6.0.0->-r requirements-dev.txt (line 11))
Export OpenAPI Schema	Install dependencies	2025-11-13T03:42:59.5804035Z   Using cached mccabe-0.7.0-py2.py3-none-any.whl.metadata (5.0 kB)
Export OpenAPI Schema	Install dependencies	2025-11-13T03:42:59.5957494Z Collecting pycodestyle<2.15.0,>=2.14.0 (from flake8>=6.0.0->-r requirements-dev.txt (line 11))
Export OpenAPI Schema	Install dependencies	2025-11-13T03:42:59.5970416Z   Using cached pycodestyle-2.14.0-py2.py3-none-any.whl.metadata (4.5 kB)
Export OpenAPI Schema	Install dependencies	2025-11-13T03:42:59.6142943Z Collecting pyflakes<3.5.0,>=3.4.0 (from flake8>=6.0.0->-r requirements-dev.txt (line 11))
Export OpenAPI Schema	Install dependencies	2025-11-13T03:42:59.6156326Z   Using cached pyflakes-3.4.0-py2.py3-none-any.whl.metadata (3.5 kB)
Export OpenAPI Schema	Install dependencies	2025-11-13T03:42:59.6700874Z Collecting httptools>=0.6.3 (from uvicorn[standard]>=0.23.0->-r /home/runner/work/gun_del_sol/gun_del_sol/backend/requirements.txt (line 6))
Export OpenAPI Schema	Install dependencies	2025-11-13T03:42:59.6714592Z   Using cached httptools-0.7.1-cp311-cp311-manylinux1_x86_64.manylinux_2_28_x86_64.manylinux_2_5_x86_64.whl.metadata (3.5 kB)
Export OpenAPI Schema	Install dependencies	2025-11-13T03:42:59.6899751Z Collecting python-dotenv>=0.13 (from uvicorn[standard]>=0.23.0->-r /home/runner/work/gun_del_sol/gun_del_sol/backend/requirements.txt (line 6))
Export OpenAPI Schema	Install dependencies	2025-11-13T03:42:59.6912783Z   Using cached python_dotenv-1.2.1-py3-none-any.whl.metadata (25 kB)
Export OpenAPI Schema	Install dependencies	2025-11-13T03:42:59.7316549Z Collecting pyyaml>=5.1 (from uvicorn[standard]>=0.23.0->-r /home/runner/work/gun_del_sol/gun_del_sol/backend/requirements.txt (line 6))
Export OpenAPI Schema	Install dependencies	2025-11-13T03:42:59.7330742Z   Using cached pyyaml-6.0.3-cp311-cp311-manylinux2014_x86_64.manylinux_2_17_x86_64.manylinux_2_28_x86_64.whl.metadata (2.4 kB)
Export OpenAPI Schema	Install dependencies	2025-11-13T03:42:59.7731192Z Collecting uvloop>=0.15.1 (from uvicorn[standard]>=0.23.0->-r /home/runner/work/gun_del_sol/gun_del_sol/backend/requirements.txt (line 6))
Export OpenAPI Schema	Install dependencies	2025-11-13T03:42:59.7745369Z   Using cached uvloop-0.22.1-cp311-cp311-manylinux2014_x86_64.manylinux_2_17_x86_64.manylinux_2_28_x86_64.whl.metadata (4.9 kB)
Export OpenAPI Schema	Install dependencies	2025-11-13T03:42:59.8485416Z Collecting watchfiles>=0.13 (from uvicorn[standard]>=0.23.0->-r /home/runner/work/gun_del_sol/gun_del_sol/backend/requirements.txt (line 6))
Export OpenAPI Schema	Install dependencies	2025-11-13T03:42:59.8499231Z   Using cached watchfiles-1.1.1-cp311-cp311-manylinux_2_17_x86_64.manylinux2014_x86_64.whl.metadata (4.9 kB)
Export OpenAPI Schema	Install dependencies	2025-11-13T03:42:59.8714961Z Using cached requests-2.32.5-py3-none-any.whl (64 kB)
Export OpenAPI Schema	Install dependencies	2025-11-13T03:42:59.8728625Z Using cached charset_normalizer-3.4.4-cp311-cp311-manylinux2014_x86_64.manylinux_2_17_x86_64.manylinux_2_28_x86_64.whl (151 kB)
Export OpenAPI Schema	Install dependencies	2025-11-13T03:42:59.8742095Z Using cached idna-3.11-py3-none-any.whl (71 kB)
Export OpenAPI Schema	Install dependencies	2025-11-13T03:42:59.8755393Z Using cached urllib3-2.5.0-py3-none-any.whl (129 kB)
Export OpenAPI Schema	Install dependencies	2025-11-13T03:42:59.8768849Z Using cached solana-0.36.9-py3-none-any.whl (62 kB)
Export OpenAPI Schema	Install dependencies	2025-11-13T03:42:59.8781712Z Using cached construct_typing-0.6.2-py3-none-any.whl (23 kB)
Export OpenAPI Schema	Install dependencies	2025-11-13T03:42:59.8794712Z Using cached solders-0.26.0-cp37-abi3-manylinux_2_17_x86_64.manylinux2014_x86_64.whl (13.5 MB)
Export OpenAPI Schema	Install dependencies	2025-11-13T03:42:59.8902435Z Using cached jsonalias-0.1.1-py3-none-any.whl (1.3 kB)
Export OpenAPI Schema	Install dependencies	2025-11-13T03:42:59.8915946Z Using cached websockets-15.0.1-cp311-cp311-manylinux_2_5_x86_64.manylinux1_x86_64.manylinux_2_17_x86_64.manylinux2014_x86_64.whl (182 kB)
Export OpenAPI Schema	Install dependencies	2025-11-13T03:42:59.8929378Z Using cached base58-2.1.1-py3-none-any.whl (5.6 kB)
Export OpenAPI Schema	Install dependencies	2025-11-13T03:42:59.8941945Z Using cached fastapi-0.121.1-py3-none-any.whl (109 kB)
Export OpenAPI Schema	Install dependencies	2025-11-13T03:42:59.8955413Z Using cached pydantic-2.12.4-py3-none-any.whl (463 kB)
Export OpenAPI Schema	Install dependencies	2025-11-13T03:42:59.8971277Z Using cached pydantic_core-2.41.5-cp311-cp311-manylinux_2_17_x86_64.manylinux2014_x86_64.whl (2.1 MB)
Export OpenAPI Schema	Install dependencies	2025-11-13T03:42:59.8998208Z Using cached starlette-0.49.3-py3-none-any.whl (74 kB)
Export OpenAPI Schema	Install dependencies	2025-11-13T03:42:59.9011198Z Using cached anyio-4.11.0-py3-none-any.whl (109 kB)
Export OpenAPI Schema	Install dependencies	2025-11-13T03:42:59.9024549Z Using cached uvicorn-0.38.0-py3-none-any.whl (68 kB)
Export OpenAPI Schema	Install dependencies	2025-11-13T03:42:59.9037421Z Using cached aiosqlite-0.21.0-py3-none-any.whl (15 kB)
Export OpenAPI Schema	Install dependencies	2025-11-13T03:42:59.9049866Z Using cached httpx-0.28.1-py3-none-any.whl (73 kB)
Export OpenAPI Schema	Install dependencies	2025-11-13T03:42:59.9062714Z Using cached httpcore-1.0.9-py3-none-any.whl (78 kB)
Export OpenAPI Schema	Install dependencies	2025-11-13T03:42:59.9076102Z Using cached orjson-3.11.4-cp311-cp311-manylinux_2_17_x86_64.manylinux2014_x86_64.whl (136 kB)
Export OpenAPI Schema	Install dependencies	2025-11-13T03:42:59.9089319Z Using cached aiofiles-25.1.0-py3-none-any.whl (14 kB)
Export OpenAPI Schema	Install dependencies	2025-11-13T03:42:59.9166448Z Downloading pytest-9.0.1-py3-none-any.whl (373 kB)
Export OpenAPI Schema	Install dependencies	2025-11-13T03:42:59.9598698Z Using cached pluggy-1.6.0-py3-none-any.whl (20 kB)
Export OpenAPI Schema	Install dependencies	2025-11-13T03:42:59.9612212Z Using cached pytest_asyncio-1.3.0-py3-none-any.whl (15 kB)
Export OpenAPI Schema	Install dependencies	2025-11-13T03:42:59.9625403Z Using cached pytest_cov-7.0.0-py3-none-any.whl (22 kB)
Export OpenAPI Schema	Install dependencies	2025-11-13T03:42:59.9639156Z Using cached black-25.11.0-cp311-cp311-manylinux2014_x86_64.manylinux_2_17_x86_64.manylinux_2_28_x86_64.whl (1.6 MB)
Export OpenAPI Schema	Install dependencies	2025-11-13T03:42:59.9663967Z Using cached flake8-7.3.0-py2.py3-none-any.whl (57 kB)
Export OpenAPI Schema	Install dependencies	2025-11-13T03:42:59.9677951Z Using cached mccabe-0.7.0-py2.py3-none-any.whl (7.3 kB)
Export OpenAPI Schema	Install dependencies	2025-11-13T03:42:59.9690917Z Using cached pycodestyle-2.14.0-py2.py3-none-any.whl (31 kB)
Export OpenAPI Schema	Install dependencies	2025-11-13T03:42:59.9704025Z Using cached pyflakes-3.4.0-py2.py3-none-any.whl (63 kB)
Export OpenAPI Schema	Install dependencies	2025-11-13T03:42:59.9717442Z Using cached isort-7.0.0-py3-none-any.whl (94 kB)
Export OpenAPI Schema	Install dependencies	2025-11-13T03:42:59.9731176Z Using cached annotated_doc-0.0.4-py3-none-any.whl (5.3 kB)
Export OpenAPI Schema	Install dependencies	2025-11-13T03:42:59.9744408Z Using cached annotated_types-0.7.0-py3-none-any.whl (13 kB)
Export OpenAPI Schema	Install dependencies	2025-11-13T03:42:59.9831996Z Downloading certifi-2025.11.12-py3-none-any.whl (159 kB)
Export OpenAPI Schema	Install dependencies	2025-11-13T03:42:59.9970053Z Using cached click-8.3.0-py3-none-any.whl (107 kB)
Export OpenAPI Schema	Install dependencies	2025-11-13T03:42:59.9984829Z Using cached coverage-7.11.3-cp311-cp311-manylinux1_x86_64.manylinux_2_28_x86_64.manylinux_2_5_x86_64.whl (249 kB)
Export OpenAPI Schema	Install dependencies	2025-11-13T03:42:59.9999192Z Using cached h11-0.16.0-py3-none-any.whl (37 kB)
Export OpenAPI Schema	Install dependencies	2025-11-13T03:43:00.0012357Z Using cached iniconfig-2.3.0-py3-none-any.whl (7.5 kB)
Export OpenAPI Schema	Install dependencies	2025-11-13T03:43:00.0025633Z Using cached mypy_extensions-1.1.0-py3-none-any.whl (5.0 kB)
Export OpenAPI Schema	Install dependencies	2025-11-13T03:43:00.0038558Z Using cached packaging-25.0-py3-none-any.whl (66 kB)
Export OpenAPI Schema	Install dependencies	2025-11-13T03:43:00.0051869Z Using cached pathspec-0.12.1-py3-none-any.whl (31 kB)
Export OpenAPI Schema	Install dependencies	2025-11-13T03:43:00.0065077Z Using cached platformdirs-4.5.0-py3-none-any.whl (18 kB)
Export OpenAPI Schema	Install dependencies	2025-11-13T03:43:00.0078184Z Using cached pygments-2.19.2-py3-none-any.whl (1.2 MB)
Export OpenAPI Schema	Install dependencies	2025-11-13T03:43:00.0100174Z Using cached pytokens-0.3.0-py3-none-any.whl (12 kB)
Export OpenAPI Schema	Install dependencies	2025-11-13T03:43:00.0113199Z Using cached sniffio-1.3.1-py3-none-any.whl (10 kB)
Export OpenAPI Schema	Install dependencies	2025-11-13T03:43:00.0126493Z Using cached typing_extensions-4.15.0-py3-none-any.whl (44 kB)
Export OpenAPI Schema	Install dependencies	2025-11-13T03:43:00.0139804Z Using cached typing_inspection-0.4.2-py3-none-any.whl (14 kB)
Export OpenAPI Schema	Install dependencies	2025-11-13T03:43:00.0153579Z Using cached httptools-0.7.1-cp311-cp311-manylinux1_x86_64.manylinux_2_28_x86_64.manylinux_2_5_x86_64.whl (456 kB)
Export OpenAPI Schema	Install dependencies	2025-11-13T03:43:00.0170034Z Using cached python_dotenv-1.2.1-py3-none-any.whl (21 kB)
Export OpenAPI Schema	Install dependencies	2025-11-13T03:43:00.0183964Z Using cached pyyaml-6.0.3-cp311-cp311-manylinux2014_x86_64.manylinux_2_17_x86_64.manylinux_2_28_x86_64.whl (806 kB)
Export OpenAPI Schema	Install dependencies	2025-11-13T03:43:00.0203624Z Using cached uvloop-0.22.1-cp311-cp311-manylinux2014_x86_64.manylinux_2_17_x86_64.manylinux_2_28_x86_64.whl (3.8 MB)
Export OpenAPI Schema	Install dependencies	2025-11-13T03:43:00.0243947Z Using cached watchfiles-1.1.1-cp311-cp311-manylinux_2_17_x86_64.manylinux2014_x86_64.whl (456 kB)
Export OpenAPI Schema	Install dependencies	2025-11-13T03:43:00.1522563Z Installing collected packages: websockets, uvloop, urllib3, typing-extensions, sniffio, pyyaml, pytokens, python-dotenv, pygments, pyflakes, pycodestyle, pluggy, platformdirs, pathspec, packaging, orjson, mypy-extensions, mccabe, jsonalias, isort, iniconfig, idna, httptools, h11, coverage, construct, click, charset_normalizer, certifi, base58, annotated-types, annotated-doc, aiofiles, uvicorn, typing-inspection, solders, requests, pytest, pydantic-core, httpcore, flake8, construct-typing, black, anyio, aiosqlite, watchfiles, starlette, pytest-cov, pytest-asyncio, pydantic, httpx, solana, fastapi
Export OpenAPI Schema	Install dependencies	2025-11-13T03:43:03.0563827Z 
Export OpenAPI Schema	Install dependencies	2025-11-13T03:43:03.0596149Z Successfully installed aiofiles-25.1.0 aiosqlite-0.21.0 annotated-doc-0.0.4 annotated-types-0.7.0 anyio-4.11.0 base58-2.1.1 black-25.11.0 certifi-2025.11.12 charset_normalizer-3.4.4 click-8.3.0 construct-2.10.68 construct-typing-0.6.2 coverage-7.11.3 fastapi-0.121.1 flake8-7.3.0 h11-0.16.0 httpcore-1.0.9 httptools-0.7.1 httpx-0.28.1 idna-3.11 iniconfig-2.3.0 isort-7.0.0 jsonalias-0.1.1 mccabe-0.7.0 mypy-extensions-1.1.0 orjson-3.11.4 packaging-25.0 pathspec-0.12.1 platformdirs-4.5.0 pluggy-1.6.0 pycodestyle-2.14.0 pydantic-2.12.4 pydantic-core-2.41.5 pyflakes-3.4.0 pygments-2.19.2 pytest-9.0.1 pytest-asyncio-1.3.0 pytest-cov-7.0.0 python-dotenv-1.2.1 pytokens-0.3.0 pyyaml-6.0.3 requests-2.32.5 sniffio-1.3.1 solana-0.36.9 solders-0.26.0 starlette-0.49.3 typing-extensions-4.15.0 typing-inspection-0.4.2 urllib3-2.5.0 uvicorn-0.38.0 uvloop-0.22.1 watchfiles-1.1.1 websockets-15.0.1
Export OpenAPI Schema	Create test config files	ï»¿2025-11-13T03:43:03.3690978Z ##[group]Run echo '{"helius_api_key": "test-key"}' > config.json
Export OpenAPI Schema	Create test config files	2025-11-13T03:43:03.3691434Z [36;1mecho '{"helius_api_key": "test-key"}' > config.json[0m
Export OpenAPI Schema	Create test config files	2025-11-13T03:43:03.3691851Z [36;1mecho '{"walletCount": 5, "concurrentAnalysis": 3}' > api_settings.json[0m
Export OpenAPI Schema	Create test config files	2025-11-13T03:43:03.3692247Z [36;1mecho '[]' > monitored_addresses.json[0m
Export OpenAPI Schema	Create test config files	2025-11-13T03:43:03.3726473Z shell: /usr/bin/bash -e {0}
Export OpenAPI Schema	Create test config files	2025-11-13T03:43:03.3726702Z env:
Export OpenAPI Schema	Create test config files	2025-11-13T03:43:03.3726961Z   pythonLocation: /opt/hostedtoolcache/Python/3.11.14/x64
Export OpenAPI Schema	Create test config files	2025-11-13T03:43:03.3727382Z   PKG_CONFIG_PATH: /opt/hostedtoolcache/Python/3.11.14/x64/lib/pkgconfig
Export OpenAPI Schema	Create test config files	2025-11-13T03:43:03.3727786Z   Python_ROOT_DIR: /opt/hostedtoolcache/Python/3.11.14/x64
Export OpenAPI Schema	Create test config files	2025-11-13T03:43:03.3728152Z   Python2_ROOT_DIR: /opt/hostedtoolcache/Python/3.11.14/x64
Export OpenAPI Schema	Create test config files	2025-11-13T03:43:03.3728503Z   Python3_ROOT_DIR: /opt/hostedtoolcache/Python/3.11.14/x64
Export OpenAPI Schema	Create test config files	2025-11-13T03:43:03.3728858Z   LD_LIBRARY_PATH: /opt/hostedtoolcache/Python/3.11.14/x64/lib
Export OpenAPI Schema	Create test config files	2025-11-13T03:43:03.3729145Z ##[endgroup]
Export OpenAPI Schema	Export OpenAPI schema	ï»¿2025-11-13T03:43:03.3806875Z ##[group]Run python <<'PYEOF'
Export OpenAPI Schema	Export OpenAPI schema	2025-11-13T03:43:03.3807163Z [36;1mpython <<'PYEOF'[0m
Export OpenAPI Schema	Export OpenAPI schema	2025-11-13T03:43:03.3807366Z [36;1mimport sys[0m
Export OpenAPI Schema	Export OpenAPI schema	2025-11-13T03:43:03.3807557Z [36;1mimport json[0m
Export OpenAPI Schema	Export OpenAPI schema	2025-11-13T03:43:03.3807767Z [36;1mfrom pathlib import Path[0m
Export OpenAPI Schema	Export OpenAPI schema	2025-11-13T03:43:03.3808162Z [36;1m[0m
Export OpenAPI Schema	Export OpenAPI schema	2025-11-13T03:43:03.3808395Z [36;1m# Add parent directory to path to import modules[0m
Export OpenAPI Schema	Export OpenAPI schema	2025-11-13T03:43:03.3808721Z [36;1msys.path.insert(0, str(Path.cwd()))[0m
Export OpenAPI Schema	Export OpenAPI schema	2025-11-13T03:43:03.3808974Z [36;1m[0m
Export OpenAPI Schema	Export OpenAPI schema	2025-11-13T03:43:03.3809155Z [36;1mfrom app.main import app[0m
Export OpenAPI Schema	Export OpenAPI schema	2025-11-13T03:43:03.3809382Z [36;1m[0m
Export OpenAPI Schema	Export OpenAPI schema	2025-11-13T03:43:03.3809556Z [36;1m# Export OpenAPI schema[0m
Export OpenAPI Schema	Export OpenAPI schema	2025-11-13T03:43:03.3809792Z [36;1mschema = app.openapi()[0m
Export OpenAPI Schema	Export OpenAPI schema	2025-11-13T03:43:03.3810010Z [36;1m[0m
Export OpenAPI Schema	Export OpenAPI schema	2025-11-13T03:43:03.3810173Z [36;1m# Write to file[0m
Export OpenAPI Schema	Export OpenAPI schema	2025-11-13T03:43:03.3810402Z [36;1mwith open('openapi.json', 'w') as f:[0m
Export OpenAPI Schema	Export OpenAPI schema	2025-11-13T03:43:03.3810687Z [36;1m    json.dump(schema, f, indent=2)[0m
Export OpenAPI Schema	Export OpenAPI schema	2025-11-13T03:43:03.3810927Z [36;1m[0m
Export OpenAPI Schema	Export OpenAPI schema	2025-11-13T03:43:03.3811168Z [36;1mprint('OpenAPI schema exported successfully!')[0m
Export OpenAPI Schema	Export OpenAPI schema	2025-11-13T03:43:03.3811556Z [36;1mprint(f'Version: {schema.get("info", {}).get("version", "unknown")}')[0m
Export OpenAPI Schema	Export OpenAPI schema	2025-11-13T03:43:03.3811965Z [36;1mprint(f'Endpoints: {len(schema.get("paths", {}))}')[0m
Export OpenAPI Schema	Export OpenAPI schema	2025-11-13T03:43:03.3812257Z [36;1mPYEOF[0m
Export OpenAPI Schema	Export OpenAPI schema	2025-11-13T03:43:03.3842658Z shell: /usr/bin/bash -e {0}
Export OpenAPI Schema	Export OpenAPI schema	2025-11-13T03:43:03.3842872Z env:
Export OpenAPI Schema	Export OpenAPI schema	2025-11-13T03:43:03.3843114Z   pythonLocation: /opt/hostedtoolcache/Python/3.11.14/x64
Export OpenAPI Schema	Export OpenAPI schema	2025-11-13T03:43:03.3843527Z   PKG_CONFIG_PATH: /opt/hostedtoolcache/Python/3.11.14/x64/lib/pkgconfig
Export OpenAPI Schema	Export OpenAPI schema	2025-11-13T03:43:03.3843914Z   Python_ROOT_DIR: /opt/hostedtoolcache/Python/3.11.14/x64
Export OpenAPI Schema	Export OpenAPI schema	2025-11-13T03:43:03.3844460Z   Python2_ROOT_DIR: /opt/hostedtoolcache/Python/3.11.14/x64
Export OpenAPI Schema	Export OpenAPI schema	2025-11-13T03:43:03.3844818Z   Python3_ROOT_DIR: /opt/hostedtoolcache/Python/3.11.14/x64
Export OpenAPI Schema	Export OpenAPI schema	2025-11-13T03:43:03.3845174Z   LD_LIBRARY_PATH: /opt/hostedtoolcache/Python/3.11.14/x64/lib
Export OpenAPI Schema	Export OpenAPI schema	2025-11-13T03:43:03.3845455Z ##[endgroup]
Export OpenAPI Schema	Export OpenAPI schema	2025-11-13T03:43:03.9244471Z [Database] Schema initialized successfully
Export OpenAPI Schema	Export OpenAPI schema	2025-11-13T03:43:03.9245351Z [Config] Loaded Helius API key: test-key...
Export OpenAPI Schema	Export OpenAPI schema	2025-11-13T03:43:03.9246235Z [Config] API Settings: walletCount=5, transactionLimit=500, maxCredits=1000
Export OpenAPI Schema	Export OpenAPI schema	2025-11-13T03:43:03.9247026Z OpenAPI schema exported successfully!
Export OpenAPI Schema	Export OpenAPI schema	2025-11-13T03:43:03.9247482Z Version: 2.0.0
Export OpenAPI Schema	Export OpenAPI schema	2025-11-13T03:43:03.9247888Z Endpoints: 35
Export OpenAPI Schema	Validate OpenAPI schema	ï»¿2025-11-13T03:43:03.9751223Z ##[group]Run # Check that the schema file was created and is valid JSON
Export OpenAPI Schema	Validate OpenAPI schema	2025-11-13T03:43:03.9751722Z [36;1m# Check that the schema file was created and is valid JSON[0m
Export OpenAPI Schema	Validate OpenAPI schema	2025-11-13T03:43:03.9752069Z [36;1mif [ ! -f openapi.json ]; then[0m
Export OpenAPI Schema	Validate OpenAPI schema	2025-11-13T03:43:03.9752369Z [36;1m  echo "Error: openapi.json was not created"[0m
Export OpenAPI Schema	Validate OpenAPI schema	2025-11-13T03:43:03.9752635Z [36;1m  exit 1[0m
Export OpenAPI Schema	Validate OpenAPI schema	2025-11-13T03:43:03.9752812Z [36;1mfi[0m
Export OpenAPI Schema	Validate OpenAPI schema	2025-11-13T03:43:03.9752978Z [36;1m[0m
Export OpenAPI Schema	Validate OpenAPI schema	2025-11-13T03:43:03.9753147Z [36;1m# Validate it's valid JSON[0m
Export OpenAPI Schema	Validate OpenAPI schema	2025-11-13T03:43:03.9753465Z [36;1mpython -c "import json; json.load(open('openapi.json'))"[0m
Export OpenAPI Schema	Validate OpenAPI schema	2025-11-13T03:43:03.9753803Z [36;1mecho "OpenAPI schema is valid JSON"[0m
Export OpenAPI Schema	Validate OpenAPI schema	2025-11-13T03:43:03.9786617Z shell: /usr/bin/bash -e {0}
Export OpenAPI Schema	Validate OpenAPI schema	2025-11-13T03:43:03.9786849Z env:
Export OpenAPI Schema	Validate OpenAPI schema	2025-11-13T03:43:03.9787089Z   pythonLocation: /opt/hostedtoolcache/Python/3.11.14/x64
Export OpenAPI Schema	Validate OpenAPI schema	2025-11-13T03:43:03.9787516Z   PKG_CONFIG_PATH: /opt/hostedtoolcache/Python/3.11.14/x64/lib/pkgconfig
Export OpenAPI Schema	Validate OpenAPI schema	2025-11-13T03:43:03.9787907Z   Python_ROOT_DIR: /opt/hostedtoolcache/Python/3.11.14/x64
Export OpenAPI Schema	Validate OpenAPI schema	2025-11-13T03:43:03.9788276Z   Python2_ROOT_DIR: /opt/hostedtoolcache/Python/3.11.14/x64
Export OpenAPI Schema	Validate OpenAPI schema	2025-11-13T03:43:03.9788621Z   Python3_ROOT_DIR: /opt/hostedtoolcache/Python/3.11.14/x64
Export OpenAPI Schema	Validate OpenAPI schema	2025-11-13T03:43:03.9788968Z   LD_LIBRARY_PATH: /opt/hostedtoolcache/Python/3.11.14/x64/lib
Export OpenAPI Schema	Validate OpenAPI schema	2025-11-13T03:43:03.9789260Z ##[endgroup]
Export OpenAPI Schema	Validate OpenAPI schema	2025-11-13T03:43:04.0033684Z OpenAPI schema is valid JSON
Export OpenAPI Schema	Upload OpenAPI schema artifact	ï»¿2025-11-13T03:43:04.0086297Z ##[group]Run actions/upload-artifact@v4
Export OpenAPI Schema	Upload OpenAPI schema artifact	2025-11-13T03:43:04.0086572Z with:
Export OpenAPI Schema	Upload OpenAPI schema artifact	2025-11-13T03:43:04.0086761Z   name: openapi-schema
Export OpenAPI Schema	Upload OpenAPI schema artifact	2025-11-13T03:43:04.0086980Z   path: backend/openapi.json
Export OpenAPI Schema	Upload OpenAPI schema artifact	2025-11-13T03:43:04.0087206Z   retention-days: 90
Export OpenAPI Schema	Upload OpenAPI schema artifact	2025-11-13T03:43:04.0087414Z   if-no-files-found: warn
Export OpenAPI Schema	Upload OpenAPI schema artifact	2025-11-13T03:43:04.0087630Z   compression-level: 6
Export OpenAPI Schema	Upload OpenAPI schema artifact	2025-11-13T03:43:04.0087829Z   overwrite: false
Export OpenAPI Schema	Upload OpenAPI schema artifact	2025-11-13T03:43:04.0088207Z   include-hidden-files: false
Export OpenAPI Schema	Upload OpenAPI schema artifact	2025-11-13T03:43:04.0088417Z env:
Export OpenAPI Schema	Upload OpenAPI schema artifact	2025-11-13T03:43:04.0088655Z   pythonLocation: /opt/hostedtoolcache/Python/3.11.14/x64
Export OpenAPI Schema	Upload OpenAPI schema artifact	2025-11-13T03:43:04.0089070Z   PKG_CONFIG_PATH: /opt/hostedtoolcache/Python/3.11.14/x64/lib/pkgconfig
Export OpenAPI Schema	Upload OpenAPI schema artifact	2025-11-13T03:43:04.0089462Z   Python_ROOT_DIR: /opt/hostedtoolcache/Python/3.11.14/x64
Export OpenAPI Schema	Upload OpenAPI schema artifact	2025-11-13T03:43:04.0089812Z   Python2_ROOT_DIR: /opt/hostedtoolcache/Python/3.11.14/x64
Export OpenAPI Schema	Upload OpenAPI schema artifact	2025-11-13T03:43:04.0090159Z   Python3_ROOT_DIR: /opt/hostedtoolcache/Python/3.11.14/x64
Export OpenAPI Schema	Upload OpenAPI schema artifact	2025-11-13T03:43:04.0090516Z   LD_LIBRARY_PATH: /opt/hostedtoolcache/Python/3.11.14/x64/lib
Export OpenAPI Schema	Upload OpenAPI schema artifact	2025-11-13T03:43:04.0090832Z ##[endgroup]
Export OpenAPI Schema	Upload OpenAPI schema artifact	2025-11-13T03:43:04.2208711Z With the provided path, there will be 1 file uploaded
Export OpenAPI Schema	Upload OpenAPI schema artifact	2025-11-13T03:43:04.2214021Z Artifact name is valid!
Export OpenAPI Schema	Upload OpenAPI schema artifact	2025-11-13T03:43:04.2215579Z Root directory input is valid!
Export OpenAPI Schema	Upload OpenAPI schema artifact	2025-11-13T03:43:04.3676876Z Beginning upload of artifact content to blob storage
Export OpenAPI Schema	Upload OpenAPI schema artifact	2025-11-13T03:43:04.4151786Z Uploaded bytes 4231
Export OpenAPI Schema	Upload OpenAPI schema artifact	2025-11-13T03:43:04.4305622Z Finished uploading artifact content to blob storage!
Export OpenAPI Schema	Upload OpenAPI schema artifact	2025-11-13T03:43:04.4309289Z SHA256 digest of uploaded artifact zip is 9be8a9944ab919db9bff4af9531b23745ee58bdf935ea5d747db4c140bf4d359
Export OpenAPI Schema	Upload OpenAPI schema artifact	2025-11-13T03:43:04.4310971Z Finalizing artifact upload
Export OpenAPI Schema	Upload OpenAPI schema artifact	2025-11-13T03:43:04.5158661Z Artifact openapi-schema.zip successfully finalized. Artifact ID 4551504775
Export OpenAPI Schema	Upload OpenAPI schema artifact	2025-11-13T03:43:04.5160073Z Artifact openapi-schema has been successfully uploaded! Final size is 4231 bytes. Artifact ID is 4551504775
Export OpenAPI Schema	Upload OpenAPI schema artifact	2025-11-13T03:43:04.5167333Z Artifact download URL: https://github.com/88simon/gun_del_sol/actions/runs/19319773395/artifacts/4551504775
Export OpenAPI Schema	Compare schema changes (PR only)	ï»¿2025-11-13T03:43:04.5315259Z ##[group]Run actions/github-script@v7
Export OpenAPI Schema	Compare schema changes (PR only)	2025-11-13T03:43:04.5315555Z with:
Export OpenAPI Schema	Compare schema changes (PR only)	2025-11-13T03:43:04.5317650Z   script: const fs = require('fs');
Export OpenAPI Schema	Compare schema changes (PR only)	const newSchema = JSON.parse(fs.readFileSync('backend/openapi.json', 'utf8'));
Export OpenAPI Schema	Compare schema changes (PR only)	
Export OpenAPI Schema	Compare schema changes (PR only)	// Comment on PR with schema info
Export OpenAPI Schema	Compare schema changes (PR only)	const paths = Object.keys(newSchema.paths || {});
Export OpenAPI Schema	Compare schema changes (PR only)	const endpoints = paths.length;
Export OpenAPI Schema	Compare schema changes (PR only)	
Export OpenAPI Schema	Compare schema changes (PR only)	const endpointList = paths.map(p => `- \`${p}\``).join('\n');
Export OpenAPI Schema	Compare schema changes (PR only)	const comment = [
Export OpenAPI Schema	Compare schema changes (PR only)	  '### OpenAPI Schema Changes',
Export OpenAPI Schema	Compare schema changes (PR only)	  '',
Export OpenAPI Schema	Compare schema changes (PR only)	  `**Endpoints:** ${endpoints}`,
Export OpenAPI Schema	Compare schema changes (PR only)	  `**Version:** ${newSchema.info?.version || 'unknown'}`,
Export OpenAPI Schema	Compare schema changes (PR only)	  '',
Export OpenAPI Schema	Compare schema changes (PR only)	  '<details>',
Export OpenAPI Schema	Compare schema changes (PR only)	  '<summary>Available endpoints</summary>',
Export OpenAPI Schema	Compare schema changes (PR only)	  '',
Export OpenAPI Schema	Compare schema changes (PR only)	  endpointList,
Export OpenAPI Schema	Compare schema changes (PR only)	  '</details>',
Export OpenAPI Schema	Compare schema changes (PR only)	  '',
Export OpenAPI Schema	Compare schema changes (PR only)	  'The OpenAPI schema has been exported and is available as a build artifact.'
Export OpenAPI Schema	Compare schema changes (PR only)	].join('\n');
Export OpenAPI Schema	Compare schema changes (PR only)	
Export OpenAPI Schema	Compare schema changes (PR only)	github.rest.issues.createComment({
Export OpenAPI Schema	Compare schema changes (PR only)	  issue_number: context.issue.number,
Export OpenAPI Schema	Compare schema changes (PR only)	  owner: context.repo.owner,
Export OpenAPI Schema	Compare schema changes (PR only)	  repo: context.repo.repo,
Export OpenAPI Schema	Compare schema changes (PR only)	  body: comment
Export OpenAPI Schema	Compare schema changes (PR only)	});
Export OpenAPI Schema	Compare schema changes (PR only)	
Export OpenAPI Schema	Compare schema changes (PR only)	2025-11-13T03:43:04.5319955Z   github-token: ***
Export OpenAPI Schema	Compare schema changes (PR only)	2025-11-13T03:43:04.5320158Z   debug: false
Export OpenAPI Schema	Compare schema changes (PR only)	2025-11-13T03:43:04.5320356Z   user-agent: actions/github-script
Export OpenAPI Schema	Compare schema changes (PR only)	2025-11-13T03:43:04.5320645Z   result-encoding: json
Export OpenAPI Schema	Compare schema changes (PR only)	2025-11-13T03:43:04.5320836Z   retries: 0
Export OpenAPI Schema	Compare schema changes (PR only)	2025-11-13T03:43:04.5321047Z   retry-exempt-status-codes: 400,401,403,404,422
Export OpenAPI Schema	Compare schema changes (PR only)	2025-11-13T03:43:04.5321308Z env:
Export OpenAPI Schema	Compare schema changes (PR only)	2025-11-13T03:43:04.5321548Z   pythonLocation: /opt/hostedtoolcache/Python/3.11.14/x64
Export OpenAPI Schema	Compare schema changes (PR only)	2025-11-13T03:43:04.5321948Z   PKG_CONFIG_PATH: /opt/hostedtoolcache/Python/3.11.14/x64/lib/pkgconfig
Export OpenAPI Schema	Compare schema changes (PR only)	2025-11-13T03:43:04.5322347Z   Python_ROOT_DIR: /opt/hostedtoolcache/Python/3.11.14/x64
Export OpenAPI Schema	Compare schema changes (PR only)	2025-11-13T03:43:04.5322686Z   Python2_ROOT_DIR: /opt/hostedtoolcache/Python/3.11.14/x64
Export OpenAPI Schema	Compare schema changes (PR only)	2025-11-13T03:43:04.5323038Z   Python3_ROOT_DIR: /opt/hostedtoolcache/Python/3.11.14/x64
Export OpenAPI Schema	Compare schema changes (PR only)	2025-11-13T03:43:04.5323386Z   LD_LIBRARY_PATH: /opt/hostedtoolcache/Python/3.11.14/x64/lib
Export OpenAPI Schema	Compare schema changes (PR only)	2025-11-13T03:43:04.5323678Z ##[endgroup]
Export OpenAPI Schema	Compare schema changes (PR only)	2025-11-13T03:43:04.8199380Z RequestError [HttpError]: Resource not accessible by integration
Export OpenAPI Schema	Compare schema changes (PR only)	2025-11-13T03:43:04.8200522Z     at /home/runner/work/_actions/actions/github-script/v7/dist/index.js:9537:21
Export OpenAPI Schema	Compare schema changes (PR only)	2025-11-13T03:43:04.8203080Z     at process.processTicksAndRejections (node:internal/process/task_queues:95:5) {
Export OpenAPI Schema	Compare schema changes (PR only)	2025-11-13T03:43:04.8204025Z   status: 403,
Export OpenAPI Schema	Compare schema changes (PR only)	2025-11-13T03:43:04.8220961Z ##[error]Unhandled error: HttpError: Resource not accessible by integration
Export OpenAPI Schema	Compare schema changes (PR only)	2025-11-13T03:43:04.8228454Z   response: {
Export OpenAPI Schema	Compare schema changes (PR only)	2025-11-13T03:43:04.8228848Z     url: 'https://api.github.com/repos/88simon/gun_del_sol/issues/2/comments',
Export OpenAPI Schema	Compare schema changes (PR only)	2025-11-13T03:43:04.8229490Z     status: 403,
Export OpenAPI Schema	Compare schema changes (PR only)	2025-11-13T03:43:04.8229691Z     headers: {
Export OpenAPI Schema	Compare schema changes (PR only)	2025-11-13T03:43:04.8229907Z       'access-control-allow-origin': '*',
Export OpenAPI Schema	Compare schema changes (PR only)	2025-11-13T03:43:04.8231104Z       'access-control-expose-headers': 'ETag, Link, Location, Retry-After, X-GitHub-OTP, X-RateLimit-Limit, X-RateLimit-Remaining, X-RateLimit-Used, X-RateLimit-Resource, X-RateLimit-Reset, X-OAuth-Scopes, X-Accepted-OAuth-Scopes, X-Poll-Interval, X-GitHub-Media-Type, X-GitHub-SSO, X-GitHub-Request-Id, Deprecation, Sunset',
Export OpenAPI Schema	Compare schema changes (PR only)	2025-11-13T03:43:04.8232260Z       'content-encoding': 'gzip',
Export OpenAPI Schema	Compare schema changes (PR only)	2025-11-13T03:43:04.8232552Z       'content-security-policy': "default-src 'none'",
Export OpenAPI Schema	Compare schema changes (PR only)	2025-11-13T03:43:04.8232880Z       'content-type': 'application/json; charset=utf-8',
Export OpenAPI Schema	Compare schema changes (PR only)	2025-11-13T03:43:04.8233174Z       date: 'Thu, 13 Nov 2025 03:43:04 GMT',
Export OpenAPI Schema	Compare schema changes (PR only)	2025-11-13T03:43:04.8233555Z       'referrer-policy': 'origin-when-cross-origin, strict-origin-when-cross-origin',
Export OpenAPI Schema	Compare schema changes (PR only)	2025-11-13T03:43:04.8233945Z       server: 'github.com',
Export OpenAPI Schema	Compare schema changes (PR only)	2025-11-13T03:43:04.8234534Z       'strict-transport-security': 'max-age=31536000; includeSubdomains; preload',
Export OpenAPI Schema	Compare schema changes (PR only)	2025-11-13T03:43:04.8234930Z       'transfer-encoding': 'chunked',
Export OpenAPI Schema	Compare schema changes (PR only)	2025-11-13T03:43:04.8235231Z       vary: 'Accept-Encoding, Accept, X-Requested-With',
Export OpenAPI Schema	Compare schema changes (PR only)	2025-11-13T03:43:04.8235636Z       'x-accepted-github-permissions': 'issues=write; pull_requests=write',
Export OpenAPI Schema	Compare schema changes (PR only)	2025-11-13T03:43:04.8236008Z       'x-content-type-options': 'nosniff',
Export OpenAPI Schema	Compare schema changes (PR only)	2025-11-13T03:43:04.8236271Z       'x-frame-options': 'deny',
Export OpenAPI Schema	Compare schema changes (PR only)	2025-11-13T03:43:04.8236537Z       'x-github-api-version-selected': '2022-11-28',
Export OpenAPI Schema	Compare schema changes (PR only)	2025-11-13T03:43:04.8236847Z       'x-github-media-type': 'github.v3; format=json',
Export OpenAPI Schema	Compare schema changes (PR only)	2025-11-13T03:43:04.8237450Z       'x-github-request-id': '1800:D030F:2441528:A075E32:691553C8',
Export OpenAPI Schema	Compare schema changes (PR only)	2025-11-13T03:43:04.8237754Z       'x-ratelimit-limit': '5000',
Export OpenAPI Schema	Compare schema changes (PR only)	2025-11-13T03:43:04.8238001Z       'x-ratelimit-remaining': '4966',
Export OpenAPI Schema	Compare schema changes (PR only)	2025-11-13T03:43:04.8238253Z       'x-ratelimit-reset': '1763008233',
Export OpenAPI Schema	Compare schema changes (PR only)	2025-11-13T03:43:04.8238507Z       'x-ratelimit-resource': 'core',
Export OpenAPI Schema	Compare schema changes (PR only)	2025-11-13T03:43:04.8238761Z       'x-ratelimit-used': '34',
Export OpenAPI Schema	Compare schema changes (PR only)	2025-11-13T03:43:04.8238991Z       'x-xss-protection': '0'
Export OpenAPI Schema	Compare schema changes (PR only)	2025-11-13T03:43:04.8239192Z     },
Export OpenAPI Schema	Compare schema changes (PR only)	2025-11-13T03:43:04.8239350Z     data: {
Export OpenAPI Schema	Compare schema changes (PR only)	2025-11-13T03:43:04.8239571Z       message: 'Resource not accessible by integration',
Export OpenAPI Schema	Compare schema changes (PR only)	2025-11-13T03:43:04.8240026Z       documentation_url: 'https://docs.github.com/rest/issues/comments#create-an-issue-comment',
Export OpenAPI Schema	Compare schema changes (PR only)	2025-11-13T03:43:04.8240447Z       status: '403'
Export OpenAPI Schema	Compare schema changes (PR only)	2025-11-13T03:43:04.8240623Z     }
Export OpenAPI Schema	Compare schema changes (PR only)	2025-11-13T03:43:04.8240773Z   },
Export OpenAPI Schema	Compare schema changes (PR only)	2025-11-13T03:43:04.8240919Z   request: {
Export OpenAPI Schema	Compare schema changes (PR only)	2025-11-13T03:43:04.8241092Z     method: 'POST',
Export OpenAPI Schema	Compare schema changes (PR only)	2025-11-13T03:43:04.8241400Z     url: 'https://api.github.com/repos/88simon/gun_del_sol/issues/2/comments',
Export OpenAPI Schema	Compare schema changes (PR only)	2025-11-13T03:43:04.8241745Z     headers: {
Export OpenAPI Schema	Compare schema changes (PR only)	2025-11-13T03:43:04.8241957Z       accept: 'application/vnd.github.v3+json',
Export OpenAPI Schema	Compare schema changes (PR only)	2025-11-13T03:43:04.8242376Z       'user-agent': 'actions/github-script octokit-core.js/5.0.1 Node.js/20.19.5 (linux; x64)',
Export OpenAPI Schema	Compare schema changes (PR only)	2025-11-13T03:43:04.8242789Z       authorization: 'token [REDACTED]',
Export OpenAPI Schema	Compare schema changes (PR only)	2025-11-13T03:43:04.8243074Z       'content-type': 'application/json; charset=utf-8'
Export OpenAPI Schema	Compare schema changes (PR only)	2025-11-13T03:43:04.8243339Z     },
Export OpenAPI Schema	Compare schema changes (PR only)	2025-11-13T03:43:04.8247826Z     body: '{"body":"### OpenAPI Schema Changes\\n\\n**Endpoints:** 35\\n**Version:** 2.0.0\\n\\n<details>\\n<summary>Available endpoints</summary>\\n\\n- `/`\\n- `/health`\\n- `/api/debug-mode`\\n- `/api/debug/config`\\n- `/api/settings`\\n- `/register`\\n- `/addresses`\\n- `/address/{address}`\\n- `/address/{address}/note`\\n- `/import`\\n- `/clear`\\n- `/api/tokens/history`\\n- `/api/tokens/trash`\\n- `/api/tokens/{token_id}`\\n- `/api/tokens/{token_id}/history`\\n- `/api/tokens/{token_id}/restore`\\n- `/api/tokens/{token_id}/permanent`\\n- `/analyze/token`\\n- `/analysis/{job_id}`\\n- `/analysis`\\n- `/analysis/{job_id}/csv`\\n- `/analysis/{job_id}/axiom`\\n- `/multi-token-wallets`\\n- `/wallets/refresh-balances`\\n- `/wallets/{wallet_address}/tags`\\n- `/tags`\\n- `/codex`\\n- `/wallets/batch-tags`\\n- `/tags/{tag}/wallets`\\n- `/webhooks/create`\\n- `/webhooks/list`\\n- `/webhooks/{webhook_id}`\\n- `/webhooks/callback`\\n- `/notify/analysis_complete`\\n- `/notify/analysis_start`\\n</details>\\n\\nThe OpenAPI schema has been exported and is available as a build artifact."}',
Export OpenAPI Schema	Compare schema changes (PR only)	2025-11-13T03:43:04.8251454Z     request: {
Export OpenAPI Schema	Compare schema changes (PR only)	2025-11-13T03:43:04.8251644Z       agent: [Agent],
Export OpenAPI Schema	Compare schema changes (PR only)	2025-11-13T03:43:04.8251864Z       fetch: [Function: proxyFetch],
Export OpenAPI Schema	Compare schema changes (PR only)	2025-11-13T03:43:04.8252124Z       hook: [Function: bound bound register]
Export OpenAPI Schema	Compare schema changes (PR only)	2025-11-13T03:43:04.8252369Z     }
Export OpenAPI Schema	Compare schema changes (PR only)	2025-11-13T03:43:04.8252524Z   }
Export OpenAPI Schema	Compare schema changes (PR only)	2025-11-13T03:43:04.8252674Z }
Export OpenAPI Schema	Post Checkout code	ï»¿2025-11-13T03:43:04.8864710Z Post job cleanup.
Export OpenAPI Schema	Post Checkout code	2025-11-13T03:43:04.9801321Z [command]/usr/bin/git version
Export OpenAPI Schema	Post Checkout code	2025-11-13T03:43:04.9838887Z git version 2.51.2
Export OpenAPI Schema	Post Checkout code	2025-11-13T03:43:04.9889721Z Temporarily overriding HOME='/home/runner/work/_temp/7a7d473c-7f75-4ce1-a4e3-1082c4aa91f3' before making global git config changes
Export OpenAPI Schema	Post Checkout code	2025-11-13T03:43:04.9891075Z Adding repository directory to the temporary git global config as a safe directory
Export OpenAPI Schema	Post Checkout code	2025-11-13T03:43:04.9896080Z [command]/usr/bin/git config --global --add safe.directory /home/runner/work/gun_del_sol/gun_del_sol
Export OpenAPI Schema	Post Checkout code	2025-11-13T03:43:04.9930753Z [command]/usr/bin/git config --local --name-only --get-regexp core\.sshCommand
Export OpenAPI Schema	Post Checkout code	2025-11-13T03:43:04.9963473Z [command]/usr/bin/git submodule foreach --recursive sh -c "git config --local --name-only --get-regexp 'core\.sshCommand' && git config --local --unset-all 'core.sshCommand' || :"
Export OpenAPI Schema	Post Checkout code	2025-11-13T03:43:05.0192373Z [command]/usr/bin/git config --local --name-only --get-regexp http\.https\:\/\/github\.com\/\.extraheader
Export OpenAPI Schema	Post Checkout code	2025-11-13T03:43:05.0213225Z http.https://github.com/.extraheader
Export OpenAPI Schema	Post Checkout code	2025-11-13T03:43:05.0226604Z [command]/usr/bin/git config --local --unset-all http.https://github.com/.extraheader
Export OpenAPI Schema	Post Checkout code	2025-11-13T03:43:05.0259955Z [command]/usr/bin/git submodule foreach --recursive sh -c "git config --local --name-only --get-regexp 'http\.https\:\/\/github\.com\/\.extraheader' && git config --local --unset-all 'http.https://github.com/.extraheader' || :"
Export OpenAPI Schema	Complete job	ï»¿2025-11-13T03:43:05.0613646Z Cleaning up orphan processes
